// Vitest Snapshot v1

exports[`<Confirm /> > いいえ・過去リリースあり 1`] = `"<h6 class=\\"MuiTypography-root MuiTypography-subtitle1 MuiTypography-root css-xxxxxxxx\\">リリースするイメージ URI と日時をセットします。</h6><h6 class=\\"MuiTypography-root MuiTypography-subtitle1 MuiTypography-root css-xxxxxxxx\\">よろしいですか？</h6><div class=\\"MuiBox-root css-xxxxxxxx\\"></div><div class=\\"MuiStack-root css-xxxxxxxx\\"><button type=\\"button\\" class=\\"MuiButtonBase-root MuiButton-root MuiButton-contained MuiButton-containedPrimary MuiButton-sizeSmall MuiButton-containedSizeSmall MuiButton-root MuiButtonBase-root css-xxxxxxxx\\" title=\\"はい\\" tabindex=\\"0\\">はい<span class=\\"MuiTouchRipple-root css-xxxxxxxx\\"></span></button><button type=\\"button\\" class=\\"MuiButtonBase-root MuiButton-root MuiButton-outlined MuiButton-outlinedInherit MuiButton-sizeSmall MuiButton-outlinedSizeSmall MuiButton-colorInherit MuiButton-root MuiButtonBase-root css-xxxxxxxx\\" title=\\"いいえ\\" tabindex=\\"0\\">いいえ<span class=\\"MuiTouchRipple-root css-xxxxxxxx\\"></span></button></div>"`;

exports[`<Confirm /> > はい・過去リリースあり 1`] = `"<h6 class=\\"MuiTypography-root MuiTypography-subtitle1 MuiTypography-root css-xxxxxxxx\\">リリースするイメージ URI と日時をセットします。</h6><h6 class=\\"MuiTypography-root MuiTypography-subtitle1 MuiTypography-root css-xxxxxxxx\\">よろしいですか？</h6><div class=\\"MuiBox-root css-xxxxxxxx\\"></div><div class=\\"MuiStack-root css-xxxxxxxx\\"><button type=\\"button\\" class=\\"MuiButtonBase-root MuiButton-root MuiButton-contained MuiButton-containedPrimary MuiButton-sizeSmall MuiButton-containedSizeSmall MuiButton-root MuiButtonBase-root css-xxxxxxxx\\" title=\\"はい\\" tabindex=\\"0\\">はい<span class=\\"MuiTouchRipple-root css-xxxxxxxx\\"></span></button><button type=\\"button\\" class=\\"MuiButtonBase-root MuiButton-root MuiButton-outlined MuiButton-outlinedInherit MuiButton-sizeSmall MuiButton-outlinedSizeSmall MuiButton-colorInherit MuiButton-root MuiButtonBase-root css-xxxxxxxx\\" title=\\"いいえ\\" tabindex=\\"0\\">いいえ<span class=\\"MuiTouchRipple-root css-xxxxxxxx\\"></span></button></div>"`;

exports[`<Confirm /> > はい・過去リリースなし 1`] = `"<h6 class=\\"MuiTypography-root MuiTypography-subtitle1 MuiTypography-root css-xxxxxxxx\\">リリースするイメージ URI と日時をセットします。</h6><h6 class=\\"MuiTypography-root MuiTypography-subtitle1 MuiTypography-root css-xxxxxxxx\\">よろしいですか？</h6><div class=\\"MuiBox-root css-xxxxxxxx\\"></div><div class=\\"MuiStack-root css-xxxxxxxx\\"><button type=\\"button\\" class=\\"MuiButtonBase-root MuiButton-root MuiButton-contained MuiButton-containedPrimary MuiButton-sizeSmall MuiButton-containedSizeSmall MuiButton-root MuiButtonBase-root css-xxxxxxxx\\" title=\\"はい\\" tabindex=\\"0\\">はい<span class=\\"MuiTouchRipple-root css-xxxxxxxx\\"></span></button><button type=\\"button\\" class=\\"MuiButtonBase-root MuiButton-root MuiButton-outlined MuiButton-outlinedInherit MuiButton-sizeSmall MuiButton-outlinedSizeSmall MuiButton-colorInherit MuiButton-root MuiButtonBase-root css-xxxxxxxx\\" title=\\"いいえ\\" tabindex=\\"0\\">いいえ<span class=\\"MuiTouchRipple-root css-xxxxxxxx\\"></span></button></div>"`;
