// Vitest Snapshot v1

exports[`<ImageList /> > タグありの URI をセット 1`] = `"<div class=\\"MuiBox-root css-xxxxxxxx\\" aria-live=\\"polite\\"><div class=\\"MuiTableContainer-root css-xxxxxxxx\\"><table class=\\"MuiTable-root css-xxxxxxxx\\" aria-label=\\"simple table\\"><thead class=\\"MuiTableHead-root css-xxxxxxxx\\"><tr class=\\"MuiTableRow-root css-xxxxxxxx\\"><td class=\\"MuiTableCell-root MuiTableCell-head MuiTableCell-sizeMedium MuiTableCell-root css-xxxxxxxx\\" scope=\\"col\\">選択</td><td class=\\"MuiTableCell-root MuiTableCell-head MuiTableCell-sizeMedium MuiTableCell-root css-xxxxxxxx\\" scope=\\"col\\">イメージURI<br>（リポジトリURI:タグ または リポジトリURI@ダイジェスト）</td><td class=\\"MuiTableCell-root MuiTableCell-head MuiTableCell-sizeMedium MuiTableCell-root css-xxxxxxxx\\" scope=\\"col\\">プッシュ日時</td><td class=\\"MuiTableCell-root MuiTableCell-head MuiTableCell-sizeMedium MuiTableCell-root css-xxxxxxxx\\" scope=\\"col\\">サイズ<br>（MB）</td><td class=\\"MuiTableCell-root MuiTableCell-head MuiTableCell-sizeMedium MuiTableCell-root css-xxxxxxxx\\" scope=\\"col\\">脆弱性調査<br>（要AWSログイン）</td></tr></thead><tbody class=\\"MuiTableBody-root css-xxxxxxxx\\"><tr class=\\"MuiTableRow-root css-xxxxxxxx\\"><th class=\\"MuiTableCell-root MuiTableCell-body MuiTableCell-sizeMedium MuiTableCell-root css-xxxxxxxx\\" scope=\\"row\\"><button class=\\"MuiButtonBase-root MuiButton-root MuiButton-outlined MuiButton-outlinedInherit MuiButton-sizeSmall MuiButton-outlinedSizeSmall MuiButton-colorInherit MuiButton-root MuiButtonBase-root css-xxxxxxxx\\" tabindex=\\"0\\" title=\\"000000000000.dkr.ecr.ap-northeast-1.amazonaws.com/hoge:latest を選択\\" type=\\"button\\">選択<span class=\\"MuiTouchRipple-root css-xxxxxxxx\\"></span></button></th><td class=\\"MuiTableCell-root MuiTableCell-body MuiTableCell-sizeMedium MuiTableCell-root css-xxxxxxxx\\">000000000000.dkr.ecr.ap-northeast-1.amazonaws.com/hoge:latest</td><td class=\\"MuiTableCell-root MuiTableCell-body MuiTableCell-sizeMedium MuiTableCell-root css-xxxxxxxx\\">2022-09-12 14:45</td><td class=\\"MuiTableCell-root MuiTableCell-body MuiTableCell-alignRight MuiTableCell-sizeMedium MuiTableCell-root css-xxxxxxxx\\">0.01</td><td class=\\"MuiTableCell-root MuiTableCell-body MuiTableCell-sizeMedium MuiTableCell-root css-xxxxxxxx\\"><button class=\\"MuiButtonBase-root MuiButton-root MuiButton-text MuiButton-textPrimary MuiButton-sizeMedium MuiButton-textSizeMedium MuiButton-root MuiButtonBase-root css-xxxxxxxx\\" tabindex=\\"0\\" title=\\"sha256:4c716d4cf211c7b7d2f3233c941771ad0507ea5bacf93b492766aa41ae9f720d の結果を表示\\" type=\\"button\\">結果表示<span class=\\"MuiTouchRipple-root css-xxxxxxxx\\"></span></button></td></tr><tr class=\\"MuiTableRow-root css-xxxxxxxx\\"><th class=\\"MuiTableCell-root MuiTableCell-body MuiTableCell-sizeMedium MuiTableCell-root css-xxxxxxxx\\" scope=\\"row\\"><button class=\\"MuiButtonBase-root MuiButton-root MuiButton-outlined MuiButton-outlinedInherit MuiButton-sizeSmall MuiButton-outlinedSizeSmall MuiButton-colorInherit MuiButton-root MuiButtonBase-root css-xxxxxxxx\\" tabindex=\\"0\\" title=\\"000000000000.dkr.ecr.ap-northeast-1.amazonaws.com/hoge@sha256:4c716d4cf211c7b7d2f3233c941771ad0507ea5bacf93b492766aa41ae9f720d を選択\\" type=\\"button\\">選択<span class=\\"MuiTouchRipple-root css-xxxxxxxx\\"></span></button></th><td class=\\"MuiTableCell-root MuiTableCell-body MuiTableCell-sizeMedium MuiTableCell-root css-xxxxxxxx\\">000000000000.dkr.ecr.ap-northeast-1.amazonaws.com/hoge@sha256:4c716d4cf211c7b7d2f3233c941771ad0507ea5bacf93b492766aa41ae9f720d</td><td class=\\"MuiTableCell-root MuiTableCell-body MuiTableCell-sizeMedium MuiTableCell-root css-xxxxxxxx\\">2022-09-12 14:45</td><td class=\\"MuiTableCell-root MuiTableCell-body MuiTableCell-alignRight MuiTableCell-sizeMedium MuiTableCell-root css-xxxxxxxx\\">2</td><td class=\\"MuiTableCell-root MuiTableCell-body MuiTableCell-sizeMedium MuiTableCell-root css-xxxxxxxx\\"><button class=\\"MuiButtonBase-root MuiButton-root MuiButton-text MuiButton-textPrimary MuiButton-sizeMedium MuiButton-textSizeMedium MuiButton-root MuiButtonBase-root css-xxxxxxxx\\" tabindex=\\"0\\" title=\\"sha256:4c716d4cf211c7b7d2f3233c941771ad0507ea5bacf93b492766aa41ae9f720d の結果を表示\\" type=\\"button\\">結果表示<span class=\\"MuiTouchRipple-root css-xxxxxxxx\\"></span></button></td></tr></tbody></table></div></div>"`;

exports[`<ImageList /> > タグありの URI をセット 2`] = `"<div class=\\"MuiBox-root css-xxxxxxxx\\" aria-live=\\"polite\\"><div class=\\"MuiTableContainer-root css-xxxxxxxx\\"><table class=\\"MuiTable-root css-xxxxxxxx\\" aria-label=\\"simple table\\"><thead class=\\"MuiTableHead-root css-xxxxxxxx\\"><tr class=\\"MuiTableRow-root css-xxxxxxxx\\"><td class=\\"MuiTableCell-root MuiTableCell-head MuiTableCell-sizeMedium MuiTableCell-root css-xxxxxxxx\\" scope=\\"col\\">選択</td><td class=\\"MuiTableCell-root MuiTableCell-head MuiTableCell-sizeMedium MuiTableCell-root css-xxxxxxxx\\" scope=\\"col\\">イメージURI<br>（リポジトリURI:タグ または リポジトリURI@ダイジェスト）</td><td class=\\"MuiTableCell-root MuiTableCell-head MuiTableCell-sizeMedium MuiTableCell-root css-xxxxxxxx\\" scope=\\"col\\">プッシュ日時</td><td class=\\"MuiTableCell-root MuiTableCell-head MuiTableCell-sizeMedium MuiTableCell-root css-xxxxxxxx\\" scope=\\"col\\">サイズ<br>（MB）</td><td class=\\"MuiTableCell-root MuiTableCell-head MuiTableCell-sizeMedium MuiTableCell-root css-xxxxxxxx\\" scope=\\"col\\">脆弱性調査<br>（要AWSログイン）</td></tr></thead><tbody class=\\"MuiTableBody-root css-xxxxxxxx\\"><tr class=\\"MuiTableRow-root css-xxxxxxxx\\"><th class=\\"MuiTableCell-root MuiTableCell-body MuiTableCell-sizeMedium MuiTableCell-root css-xxxxxxxx\\" scope=\\"row\\"><button class=\\"MuiButtonBase-root MuiButton-root MuiButton-contained MuiButton-containedPrimary MuiButton-sizeSmall MuiButton-containedSizeSmall MuiButton-root MuiButtonBase-root css-xxxxxxxx_1\\" tabindex=\\"0\\" title=\\"000000000000.dkr.ecr.ap-northeast-1.amazonaws.com/hoge:latest を選択\\" type=\\"button\\">選択<span class=\\"MuiTouchRipple-root css-xxxxxxxx\\"></span></button></th><td class=\\"MuiTableCell-root MuiTableCell-body MuiTableCell-sizeMedium MuiTableCell-root css-xxxxxxxx\\">000000000000.dkr.ecr.ap-northeast-1.amazonaws.com/hoge:latest</td><td class=\\"MuiTableCell-root MuiTableCell-body MuiTableCell-sizeMedium MuiTableCell-root css-xxxxxxxx\\">2022-09-12 14:45</td><td class=\\"MuiTableCell-root MuiTableCell-body MuiTableCell-alignRight MuiTableCell-sizeMedium MuiTableCell-root css-xxxxxxxx\\">0.01</td><td class=\\"MuiTableCell-root MuiTableCell-body MuiTableCell-sizeMedium MuiTableCell-root css-xxxxxxxx\\"><button class=\\"MuiButtonBase-root MuiButton-root MuiButton-text MuiButton-textPrimary MuiButton-sizeMedium MuiButton-textSizeMedium MuiButton-root MuiButtonBase-root css-xxxxxxxx\\" tabindex=\\"0\\" title=\\"sha256:4c716d4cf211c7b7d2f3233c941771ad0507ea5bacf93b492766aa41ae9f720d の結果を表示\\" type=\\"button\\">結果表示<span class=\\"MuiTouchRipple-root css-xxxxxxxx\\"></span></button></td></tr><tr class=\\"MuiTableRow-root css-xxxxxxxx\\"><th class=\\"MuiTableCell-root MuiTableCell-body MuiTableCell-sizeMedium MuiTableCell-root css-xxxxxxxx\\" scope=\\"row\\"><button class=\\"MuiButtonBase-root MuiButton-root MuiButton-outlined MuiButton-outlinedInherit MuiButton-sizeSmall MuiButton-outlinedSizeSmall MuiButton-colorInherit MuiButton-root MuiButtonBase-root css-xxxxxxxx\\" tabindex=\\"0\\" title=\\"000000000000.dkr.ecr.ap-northeast-1.amazonaws.com/hoge@sha256:4c716d4cf211c7b7d2f3233c941771ad0507ea5bacf93b492766aa41ae9f720d を選択\\" type=\\"button\\">選択<span class=\\"MuiTouchRipple-root css-xxxxxxxx\\"></span></button></th><td class=\\"MuiTableCell-root MuiTableCell-body MuiTableCell-sizeMedium MuiTableCell-root css-xxxxxxxx\\">000000000000.dkr.ecr.ap-northeast-1.amazonaws.com/hoge@sha256:4c716d4cf211c7b7d2f3233c941771ad0507ea5bacf93b492766aa41ae9f720d</td><td class=\\"MuiTableCell-root MuiTableCell-body MuiTableCell-sizeMedium MuiTableCell-root css-xxxxxxxx\\">2022-09-12 14:45</td><td class=\\"MuiTableCell-root MuiTableCell-body MuiTableCell-alignRight MuiTableCell-sizeMedium MuiTableCell-root css-xxxxxxxx\\">2</td><td class=\\"MuiTableCell-root MuiTableCell-body MuiTableCell-sizeMedium MuiTableCell-root css-xxxxxxxx\\"><button class=\\"MuiButtonBase-root MuiButton-root MuiButton-text MuiButton-textPrimary MuiButton-sizeMedium MuiButton-textSizeMedium MuiButton-root MuiButtonBase-root css-xxxxxxxx\\" tabindex=\\"0\\" title=\\"sha256:4c716d4cf211c7b7d2f3233c941771ad0507ea5bacf93b492766aa41ae9f720d の結果を表示\\" type=\\"button\\">結果表示<span class=\\"MuiTouchRipple-root css-xxxxxxxx\\"></span></button></td></tr></tbody></table></div></div>"`;

exports[`<ImageList /> > タグなしの URI をセット 1`] = `"<div class=\\"MuiBox-root css-xxxxxxxx\\" aria-live=\\"polite\\"><div class=\\"MuiTableContainer-root css-xxxxxxxx\\"><table class=\\"MuiTable-root css-xxxxxxxx\\" aria-label=\\"simple table\\"><thead class=\\"MuiTableHead-root css-xxxxxxxx\\"><tr class=\\"MuiTableRow-root css-xxxxxxxx\\"><td class=\\"MuiTableCell-root MuiTableCell-head MuiTableCell-sizeMedium MuiTableCell-root css-xxxxxxxx\\" scope=\\"col\\">選択</td><td class=\\"MuiTableCell-root MuiTableCell-head MuiTableCell-sizeMedium MuiTableCell-root css-xxxxxxxx\\" scope=\\"col\\">イメージURI<br>（リポジトリURI:タグ または リポジトリURI@ダイジェスト）</td><td class=\\"MuiTableCell-root MuiTableCell-head MuiTableCell-sizeMedium MuiTableCell-root css-xxxxxxxx\\" scope=\\"col\\">プッシュ日時</td><td class=\\"MuiTableCell-root MuiTableCell-head MuiTableCell-sizeMedium MuiTableCell-root css-xxxxxxxx\\" scope=\\"col\\">サイズ<br>（MB）</td><td class=\\"MuiTableCell-root MuiTableCell-head MuiTableCell-sizeMedium MuiTableCell-root css-xxxxxxxx\\" scope=\\"col\\">脆弱性調査<br>（要AWSログイン）</td></tr></thead><tbody class=\\"MuiTableBody-root css-xxxxxxxx\\"><tr class=\\"MuiTableRow-root css-xxxxxxxx\\"><th class=\\"MuiTableCell-root MuiTableCell-body MuiTableCell-sizeMedium MuiTableCell-root css-xxxxxxxx\\" scope=\\"row\\"><button class=\\"MuiButtonBase-root MuiButton-root MuiButton-outlined MuiButton-outlinedInherit MuiButton-sizeSmall MuiButton-outlinedSizeSmall MuiButton-colorInherit MuiButton-root MuiButtonBase-root css-xxxxxxxx\\" tabindex=\\"0\\" title=\\"000000000000.dkr.ecr.ap-northeast-1.amazonaws.com/hoge:latest を選択\\" type=\\"button\\">選択<span class=\\"MuiTouchRipple-root css-xxxxxxxx\\"></span></button></th><td class=\\"MuiTableCell-root MuiTableCell-body MuiTableCell-sizeMedium MuiTableCell-root css-xxxxxxxx\\">000000000000.dkr.ecr.ap-northeast-1.amazonaws.com/hoge:latest</td><td class=\\"MuiTableCell-root MuiTableCell-body MuiTableCell-sizeMedium MuiTableCell-root css-xxxxxxxx\\">2022-09-12 14:45</td><td class=\\"MuiTableCell-root MuiTableCell-body MuiTableCell-alignRight MuiTableCell-sizeMedium MuiTableCell-root css-xxxxxxxx\\">0.01</td><td class=\\"MuiTableCell-root MuiTableCell-body MuiTableCell-sizeMedium MuiTableCell-root css-xxxxxxxx\\"><button class=\\"MuiButtonBase-root MuiButton-root MuiButton-text MuiButton-textPrimary MuiButton-sizeMedium MuiButton-textSizeMedium MuiButton-root MuiButtonBase-root css-xxxxxxxx\\" tabindex=\\"0\\" title=\\"sha256:4c716d4cf211c7b7d2f3233c941771ad0507ea5bacf93b492766aa41ae9f720d の結果を表示\\" type=\\"button\\">結果表示<span class=\\"MuiTouchRipple-root css-xxxxxxxx\\"></span></button></td></tr><tr class=\\"MuiTableRow-root css-xxxxxxxx\\"><th class=\\"MuiTableCell-root MuiTableCell-body MuiTableCell-sizeMedium MuiTableCell-root css-xxxxxxxx\\" scope=\\"row\\"><button class=\\"MuiButtonBase-root MuiButton-root MuiButton-outlined MuiButton-outlinedInherit MuiButton-sizeSmall MuiButton-outlinedSizeSmall MuiButton-colorInherit MuiButton-root MuiButtonBase-root css-xxxxxxxx\\" tabindex=\\"0\\" title=\\"000000000000.dkr.ecr.ap-northeast-1.amazonaws.com/hoge@sha256:4c716d4cf211c7b7d2f3233c941771ad0507ea5bacf93b492766aa41ae9f720d を選択\\" type=\\"button\\">選択<span class=\\"MuiTouchRipple-root css-xxxxxxxx\\"></span></button></th><td class=\\"MuiTableCell-root MuiTableCell-body MuiTableCell-sizeMedium MuiTableCell-root css-xxxxxxxx\\">000000000000.dkr.ecr.ap-northeast-1.amazonaws.com/hoge@sha256:4c716d4cf211c7b7d2f3233c941771ad0507ea5bacf93b492766aa41ae9f720d</td><td class=\\"MuiTableCell-root MuiTableCell-body MuiTableCell-sizeMedium MuiTableCell-root css-xxxxxxxx\\">2022-09-12 14:45</td><td class=\\"MuiTableCell-root MuiTableCell-body MuiTableCell-alignRight MuiTableCell-sizeMedium MuiTableCell-root css-xxxxxxxx\\">2</td><td class=\\"MuiTableCell-root MuiTableCell-body MuiTableCell-sizeMedium MuiTableCell-root css-xxxxxxxx\\"><button class=\\"MuiButtonBase-root MuiButton-root MuiButton-text MuiButton-textPrimary MuiButton-sizeMedium MuiButton-textSizeMedium MuiButton-root MuiButtonBase-root css-xxxxxxxx\\" tabindex=\\"0\\" title=\\"sha256:4c716d4cf211c7b7d2f3233c941771ad0507ea5bacf93b492766aa41ae9f720d の結果を表示\\" type=\\"button\\">結果表示<span class=\\"MuiTouchRipple-root css-xxxxxxxx\\"></span></button></td></tr></tbody></table></div></div>"`;

exports[`<ImageList /> > タグなしの URI をセット 2`] = `"<div class=\\"MuiBox-root css-xxxxxxxx\\" aria-live=\\"polite\\"><div class=\\"MuiTableContainer-root css-xxxxxxxx\\"><table class=\\"MuiTable-root css-xxxxxxxx\\" aria-label=\\"simple table\\"><thead class=\\"MuiTableHead-root css-xxxxxxxx\\"><tr class=\\"MuiTableRow-root css-xxxxxxxx\\"><td class=\\"MuiTableCell-root MuiTableCell-head MuiTableCell-sizeMedium MuiTableCell-root css-xxxxxxxx\\" scope=\\"col\\">選択</td><td class=\\"MuiTableCell-root MuiTableCell-head MuiTableCell-sizeMedium MuiTableCell-root css-xxxxxxxx\\" scope=\\"col\\">イメージURI<br>（リポジトリURI:タグ または リポジトリURI@ダイジェスト）</td><td class=\\"MuiTableCell-root MuiTableCell-head MuiTableCell-sizeMedium MuiTableCell-root css-xxxxxxxx\\" scope=\\"col\\">プッシュ日時</td><td class=\\"MuiTableCell-root MuiTableCell-head MuiTableCell-sizeMedium MuiTableCell-root css-xxxxxxxx\\" scope=\\"col\\">サイズ<br>（MB）</td><td class=\\"MuiTableCell-root MuiTableCell-head MuiTableCell-sizeMedium MuiTableCell-root css-xxxxxxxx\\" scope=\\"col\\">脆弱性調査<br>（要AWSログイン）</td></tr></thead><tbody class=\\"MuiTableBody-root css-xxxxxxxx\\"><tr class=\\"MuiTableRow-root css-xxxxxxxx\\"><th class=\\"MuiTableCell-root MuiTableCell-body MuiTableCell-sizeMedium MuiTableCell-root css-xxxxxxxx\\" scope=\\"row\\"><button class=\\"MuiButtonBase-root MuiButton-root MuiButton-outlined MuiButton-outlinedInherit MuiButton-sizeSmall MuiButton-outlinedSizeSmall MuiButton-colorInherit MuiButton-root MuiButtonBase-root css-xxxxxxxx\\" tabindex=\\"0\\" title=\\"000000000000.dkr.ecr.ap-northeast-1.amazonaws.com/hoge:latest を選択\\" type=\\"button\\">選択<span class=\\"MuiTouchRipple-root css-xxxxxxxx\\"></span></button></th><td class=\\"MuiTableCell-root MuiTableCell-body MuiTableCell-sizeMedium MuiTableCell-root css-xxxxxxxx\\">000000000000.dkr.ecr.ap-northeast-1.amazonaws.com/hoge:latest</td><td class=\\"MuiTableCell-root MuiTableCell-body MuiTableCell-sizeMedium MuiTableCell-root css-xxxxxxxx\\">2022-09-12 14:45</td><td class=\\"MuiTableCell-root MuiTableCell-body MuiTableCell-alignRight MuiTableCell-sizeMedium MuiTableCell-root css-xxxxxxxx\\">0.01</td><td class=\\"MuiTableCell-root MuiTableCell-body MuiTableCell-sizeMedium MuiTableCell-root css-xxxxxxxx\\"><button class=\\"MuiButtonBase-root MuiButton-root MuiButton-text MuiButton-textPrimary MuiButton-sizeMedium MuiButton-textSizeMedium MuiButton-root MuiButtonBase-root css-xxxxxxxx\\" tabindex=\\"0\\" title=\\"sha256:4c716d4cf211c7b7d2f3233c941771ad0507ea5bacf93b492766aa41ae9f720d の結果を表示\\" type=\\"button\\">結果表示<span class=\\"MuiTouchRipple-root css-xxxxxxxx\\"></span></button></td></tr><tr class=\\"MuiTableRow-root css-xxxxxxxx\\"><th class=\\"MuiTableCell-root MuiTableCell-body MuiTableCell-sizeMedium MuiTableCell-root css-xxxxxxxx\\" scope=\\"row\\"><button class=\\"MuiButtonBase-root MuiButton-root MuiButton-contained MuiButton-containedPrimary MuiButton-sizeSmall MuiButton-containedSizeSmall MuiButton-root MuiButtonBase-root css-xxxxxxxx_1\\" tabindex=\\"0\\" title=\\"000000000000.dkr.ecr.ap-northeast-1.amazonaws.com/hoge@sha256:4c716d4cf211c7b7d2f3233c941771ad0507ea5bacf93b492766aa41ae9f720d を選択\\" type=\\"button\\">選択<span class=\\"MuiTouchRipple-root css-xxxxxxxx\\"></span></button></th><td class=\\"MuiTableCell-root MuiTableCell-body MuiTableCell-sizeMedium MuiTableCell-root css-xxxxxxxx\\">000000000000.dkr.ecr.ap-northeast-1.amazonaws.com/hoge@sha256:4c716d4cf211c7b7d2f3233c941771ad0507ea5bacf93b492766aa41ae9f720d</td><td class=\\"MuiTableCell-root MuiTableCell-body MuiTableCell-sizeMedium MuiTableCell-root css-xxxxxxxx\\">2022-09-12 14:45</td><td class=\\"MuiTableCell-root MuiTableCell-body MuiTableCell-alignRight MuiTableCell-sizeMedium MuiTableCell-root css-xxxxxxxx\\">2</td><td class=\\"MuiTableCell-root MuiTableCell-body MuiTableCell-sizeMedium MuiTableCell-root css-xxxxxxxx\\"><button class=\\"MuiButtonBase-root MuiButton-root MuiButton-text MuiButton-textPrimary MuiButton-sizeMedium MuiButton-textSizeMedium MuiButton-root MuiButtonBase-root css-xxxxxxxx\\" tabindex=\\"0\\" title=\\"sha256:4c716d4cf211c7b7d2f3233c941771ad0507ea5bacf93b492766aa41ae9f720d の結果を表示\\" type=\\"button\\">結果表示<span class=\\"MuiTouchRipple-root css-xxxxxxxx\\"></span></button></td></tr></tbody></table></div></div>"`;

exports[`<ImageList /> > 一覧未表示（イメージなし） 1`] = `"<div class=\\"MuiBox-root css-xxxxxxxx\\" aria-live=\\"polite\\"><h6 class=\\"MuiTypography-root MuiTypography-h6 MuiTypography-root css-xxxxxxxx\\">リポジトリにイメージがありません</h6></div>"`;
