// Vitest Snapshot v1

exports[`<ReleaseSetting /> > 任意のリリース時間をセット 1`] = `"<div class=\\"MuiBox-root css-xxxxxxxx\\" aria-live=\\"polite\\"><div class=\\"MuiStack-root css-xxxxxxxx\\"><div class=\\"MuiStack-root css-xxxxxxxx\\"><h6 class=\\"MuiTypography-root MuiTypography-h6 MuiTypography-root css-xxxxxxxx\\">次回リリースイメージ URI</h6><h6 class=\\"MuiTypography-root MuiTypography-subtitle1 MuiTypography-root css-xxxxxxxx\\">下のリストから選択してください</h6></div><div class=\\"MuiStack-root css-xxxxxxxx\\"><h6 class=\\"MuiTypography-root MuiTypography-h6 MuiTypography-root css-xxxxxxxx\\"><label id=\\"releaseAt\\">次回リリース日時</label></h6><input type=\\"datetime-local\\" aria-labelledby=\\"releaseAt\\" max=\\"9999-12-31 23:59\\"><button class=\\"MuiButtonBase-root MuiButton-root MuiButton-contained MuiButton-containedPrimary MuiButton-sizeSmall MuiButton-containedSizeSmall MuiButton-root MuiButtonBase-root css-xxxxxxxx\\" tabindex=\\"0\\" title=\\"翌朝リリースする\\" type=\\"button\\">翌朝 04:05<span class=\\"MuiTouchRipple-root css-xxxxxxxx\\"></span></button><button class=\\"MuiButtonBase-root MuiButton-root MuiButton-contained MuiButton-containedSecondary MuiButton-sizeSmall MuiButton-containedSizeSmall MuiButton-root MuiButtonBase-root css-xxxxxxxx\\" tabindex=\\"0\\" title=\\"即時リリースする\\" type=\\"button\\">現在（即時リリースする）<span class=\\"MuiTouchRipple-root css-xxxxxxxx\\"></span></button></div><div class=\\"MuiStack-root css-xxxxxxxx\\"><h6 class=\\"MuiTypography-root MuiTypography-h6 MuiTypography-root css-xxxxxxxx\\">次回リリースセット</h6><button class=\\"MuiButtonBase-root Mui-disabled MuiButton-root MuiButton-contained MuiButton-containedPrimary MuiButton-sizeSmall MuiButton-containedSizeSmall MuiButton-root MuiButtonBase-root css-xxxxxxxx\\" tabindex=\\"-1\\" title=\\"次回リリースをセット\\" type=\\"button\\" disabled=\\"\\">指定のイメージ URI と日時をセット</button><button class=\\"MuiButtonBase-root MuiButton-root MuiButton-contained MuiButton-containedSecondary MuiButton-sizeSmall MuiButton-containedSizeSmall MuiButton-root MuiButtonBase-root css-xxxxxxxx\\" tabindex=\\"0\\" title=\\"次回リリースを取り消し\\" type=\\"button\\">リリースを取り消し<span class=\\"MuiTouchRipple-root css-xxxxxxxx\\"></span></button></div></div></div>"`;

exports[`<ReleaseSetting /> > 任意のリリース時間をセット 2`] = `"<div class=\\"MuiBox-root css-xxxxxxxx\\" aria-live=\\"polite\\"><div class=\\"MuiStack-root css-xxxxxxxx\\"><div class=\\"MuiStack-root css-xxxxxxxx\\"><h6 class=\\"MuiTypography-root MuiTypography-h6 MuiTypography-root css-xxxxxxxx\\">次回リリースイメージ URI</h6><h6 class=\\"MuiTypography-root MuiTypography-subtitle1 MuiTypography-root css-xxxxxxxx\\">下のリストから選択してください</h6></div><div class=\\"MuiStack-root css-xxxxxxxx\\"><h6 class=\\"MuiTypography-root MuiTypography-h6 MuiTypography-root css-xxxxxxxx\\"><label id=\\"releaseAt\\">次回リリース日時</label></h6><input type=\\"datetime-local\\" aria-labelledby=\\"releaseAt\\" max=\\"9999-12-31 23:59\\"><button class=\\"MuiButtonBase-root MuiButton-root MuiButton-contained MuiButton-containedPrimary MuiButton-sizeSmall MuiButton-containedSizeSmall MuiButton-root MuiButtonBase-root css-xxxxxxxx\\" tabindex=\\"0\\" title=\\"翌朝リリースする\\" type=\\"button\\">翌朝 04:05<span class=\\"MuiTouchRipple-root css-xxxxxxxx\\"></span></button><button class=\\"MuiButtonBase-root MuiButton-root MuiButton-contained MuiButton-containedSecondary MuiButton-sizeSmall MuiButton-containedSizeSmall MuiButton-root MuiButtonBase-root css-xxxxxxxx\\" tabindex=\\"0\\" title=\\"即時リリースする\\" type=\\"button\\">現在（即時リリースする）<span class=\\"MuiTouchRipple-root css-xxxxxxxx\\"></span></button></div><div class=\\"MuiStack-root css-xxxxxxxx\\"><h6 class=\\"MuiTypography-root MuiTypography-h6 MuiTypography-root css-xxxxxxxx\\">次回リリースセット</h6><button class=\\"MuiButtonBase-root Mui-disabled MuiButton-root MuiButton-contained MuiButton-containedPrimary MuiButton-sizeSmall MuiButton-containedSizeSmall MuiButton-root MuiButtonBase-root css-xxxxxxxx\\" tabindex=\\"-1\\" title=\\"次回リリースをセット\\" type=\\"button\\" disabled=\\"\\">指定のイメージ URI と日時をセット</button><button class=\\"MuiButtonBase-root MuiButton-root MuiButton-contained MuiButton-containedSecondary MuiButton-sizeSmall MuiButton-containedSizeSmall MuiButton-root MuiButtonBase-root css-xxxxxxxx\\" tabindex=\\"0\\" title=\\"次回リリースを取り消し\\" type=\\"button\\">リリースを取り消し<span class=\\"MuiTouchRipple-root css-xxxxxxxx\\"></span></button></div></div></div>"`;

exports[`<ReleaseSetting /> > 任意のリリース時間をセット 3`] = `"<div class=\\"MuiBox-root css-xxxxxxxx\\" aria-live=\\"polite\\"><div class=\\"MuiStack-root css-xxxxxxxx\\"><div class=\\"MuiStack-root css-xxxxxxxx\\"><h6 class=\\"MuiTypography-root MuiTypography-h6 MuiTypography-root css-xxxxxxxx\\">次回リリースイメージ URI</h6><h6 class=\\"MuiTypography-root MuiTypography-subtitle1 MuiTypography-root css-xxxxxxxx\\">000000000000.dkr.ecr.ap-northeast-1.amazonaws.com/hoge:latest</h6></div><div class=\\"MuiStack-root css-xxxxxxxx\\"><h6 class=\\"MuiTypography-root MuiTypography-h6 MuiTypography-root css-xxxxxxxx\\"><label id=\\"releaseAt\\">次回リリース日時</label></h6><input type=\\"datetime-local\\" aria-labelledby=\\"releaseAt\\" max=\\"9999-12-31 23:59\\"><button class=\\"MuiButtonBase-root MuiButton-root MuiButton-contained MuiButton-containedPrimary MuiButton-sizeSmall MuiButton-containedSizeSmall MuiButton-root MuiButtonBase-root css-xxxxxxxx\\" tabindex=\\"0\\" title=\\"翌朝リリースする\\" type=\\"button\\">翌朝 04:05<span class=\\"MuiTouchRipple-root css-xxxxxxxx\\"></span></button><button class=\\"MuiButtonBase-root MuiButton-root MuiButton-contained MuiButton-containedSecondary MuiButton-sizeSmall MuiButton-containedSizeSmall MuiButton-root MuiButtonBase-root css-xxxxxxxx\\" tabindex=\\"0\\" title=\\"即時リリースする\\" type=\\"button\\">現在（即時リリースする）<span class=\\"MuiTouchRipple-root css-xxxxxxxx\\"></span></button></div><div class=\\"MuiStack-root css-xxxxxxxx\\"><h6 class=\\"MuiTypography-root MuiTypography-h6 MuiTypography-root css-xxxxxxxx\\">次回リリースセット</h6><button class=\\"MuiButtonBase-root MuiButton-root MuiButton-contained MuiButton-containedPrimary MuiButton-sizeSmall MuiButton-containedSizeSmall MuiButton-root MuiButtonBase-root css-xxxxxxxx\\" tabindex=\\"0\\" title=\\"次回リリースをセット\\" type=\\"button\\">指定のイメージ URI と日時をセット<span class=\\"MuiTouchRipple-root css-xxxxxxxx\\"></span></button><button class=\\"MuiButtonBase-root MuiButton-root MuiButton-contained MuiButton-containedSecondary MuiButton-sizeSmall MuiButton-containedSizeSmall MuiButton-root MuiButtonBase-root css-xxxxxxxx\\" tabindex=\\"0\\" title=\\"次回リリースを取り消し\\" type=\\"button\\">リリースを取り消し<span class=\\"MuiTouchRipple-root css-xxxxxxxx\\"></span></button></div></div></div>"`;

exports[`<ReleaseSetting /> > 即時リリースするボタンをクリック 1`] = `"<div class=\\"MuiBox-root css-xxxxxxxx\\" aria-live=\\"polite\\"><div class=\\"MuiStack-root css-xxxxxxxx\\"><div class=\\"MuiStack-root css-xxxxxxxx\\"><h6 class=\\"MuiTypography-root MuiTypography-h6 MuiTypography-root css-xxxxxxxx\\">次回リリースイメージ URI</h6><h6 class=\\"MuiTypography-root MuiTypography-subtitle1 MuiTypography-root css-xxxxxxxx\\">下のリストから選択してください</h6></div><div class=\\"MuiStack-root css-xxxxxxxx\\"><h6 class=\\"MuiTypography-root MuiTypography-h6 MuiTypography-root css-xxxxxxxx\\"><label id=\\"releaseAt\\">次回リリース日時</label></h6><input type=\\"datetime-local\\" aria-labelledby=\\"releaseAt\\" max=\\"9999-12-31 23:59\\"><button class=\\"MuiButtonBase-root MuiButton-root MuiButton-contained MuiButton-containedPrimary MuiButton-sizeSmall MuiButton-containedSizeSmall MuiButton-root MuiButtonBase-root css-xxxxxxxx\\" tabindex=\\"0\\" title=\\"翌朝リリースする\\" type=\\"button\\">翌朝 04:05<span class=\\"MuiTouchRipple-root css-xxxxxxxx\\"></span></button><button class=\\"MuiButtonBase-root MuiButton-root MuiButton-contained MuiButton-containedSecondary MuiButton-sizeSmall MuiButton-containedSizeSmall MuiButton-root MuiButtonBase-root css-xxxxxxxx\\" tabindex=\\"0\\" title=\\"即時リリースする\\" type=\\"button\\">現在（即時リリースする）<span class=\\"MuiTouchRipple-root css-xxxxxxxx\\"></span></button></div><div class=\\"MuiStack-root css-xxxxxxxx\\"><h6 class=\\"MuiTypography-root MuiTypography-h6 MuiTypography-root css-xxxxxxxx\\">次回リリースセット</h6><button class=\\"MuiButtonBase-root Mui-disabled MuiButton-root MuiButton-contained MuiButton-containedPrimary MuiButton-sizeSmall MuiButton-containedSizeSmall MuiButton-root MuiButtonBase-root css-xxxxxxxx\\" tabindex=\\"-1\\" title=\\"次回リリースをセット\\" type=\\"button\\" disabled=\\"\\">指定のイメージ URI と日時をセット</button><button class=\\"MuiButtonBase-root MuiButton-root MuiButton-contained MuiButton-containedSecondary MuiButton-sizeSmall MuiButton-containedSizeSmall MuiButton-root MuiButtonBase-root css-xxxxxxxx\\" tabindex=\\"0\\" title=\\"次回リリースを取り消し\\" type=\\"button\\">リリースを取り消し<span class=\\"MuiTouchRipple-root css-xxxxxxxx\\"></span></button></div></div></div>"`;

exports[`<ReleaseSetting /> > 即時リリースするボタンをクリック 2`] = `"<div class=\\"MuiBox-root css-xxxxxxxx\\" aria-live=\\"polite\\"><div class=\\"MuiStack-root css-xxxxxxxx\\"><div class=\\"MuiStack-root css-xxxxxxxx\\"><h6 class=\\"MuiTypography-root MuiTypography-h6 MuiTypography-root css-xxxxxxxx\\">次回リリースイメージ URI</h6><h6 class=\\"MuiTypography-root MuiTypography-subtitle1 MuiTypography-root css-xxxxxxxx\\">下のリストから選択してください</h6></div><div class=\\"MuiStack-root css-xxxxxxxx\\"><h6 class=\\"MuiTypography-root MuiTypography-h6 MuiTypography-root css-xxxxxxxx\\"><label id=\\"releaseAt\\">次回リリース日時</label></h6><input type=\\"datetime-local\\" aria-labelledby=\\"releaseAt\\" max=\\"9999-12-31 23:59\\"><button class=\\"MuiButtonBase-root MuiButton-root MuiButton-contained MuiButton-containedPrimary MuiButton-sizeSmall MuiButton-containedSizeSmall MuiButton-root MuiButtonBase-root css-xxxxxxxx\\" tabindex=\\"0\\" title=\\"翌朝リリースする\\" type=\\"button\\">翌朝 04:05<span class=\\"MuiTouchRipple-root css-xxxxxxxx\\"></span></button><button class=\\"MuiButtonBase-root MuiButton-root MuiButton-contained MuiButton-containedSecondary MuiButton-sizeSmall MuiButton-containedSizeSmall MuiButton-root MuiButtonBase-root css-xxxxxxxx\\" tabindex=\\"0\\" title=\\"即時リリースする\\" type=\\"button\\">現在（即時リリースする）<span class=\\"MuiTouchRipple-root css-xxxxxxxx\\"></span></button></div><div class=\\"MuiStack-root css-xxxxxxxx\\"><h6 class=\\"MuiTypography-root MuiTypography-h6 MuiTypography-root css-xxxxxxxx\\">次回リリースセット</h6><button class=\\"MuiButtonBase-root Mui-disabled MuiButton-root MuiButton-contained MuiButton-containedPrimary MuiButton-sizeSmall MuiButton-containedSizeSmall MuiButton-root MuiButtonBase-root css-xxxxxxxx\\" tabindex=\\"-1\\" title=\\"次回リリースをセット\\" type=\\"button\\" disabled=\\"\\">指定のイメージ URI と日時をセット</button><button class=\\"MuiButtonBase-root MuiButton-root MuiButton-contained MuiButton-containedSecondary MuiButton-sizeSmall MuiButton-containedSizeSmall MuiButton-root MuiButtonBase-root css-xxxxxxxx\\" tabindex=\\"0\\" title=\\"次回リリースを取り消し\\" type=\\"button\\">リリースを取り消し<span class=\\"MuiTouchRipple-root css-xxxxxxxx\\"></span></button></div></div></div>"`;

exports[`<ReleaseSetting /> > 即時リリースするボタンをクリック 3`] = `"<div class=\\"MuiBox-root css-xxxxxxxx\\" aria-live=\\"polite\\"><div class=\\"MuiStack-root css-xxxxxxxx\\"><div class=\\"MuiStack-root css-xxxxxxxx\\"><h6 class=\\"MuiTypography-root MuiTypography-h6 MuiTypography-root css-xxxxxxxx\\">次回リリースイメージ URI</h6><h6 class=\\"MuiTypography-root MuiTypography-subtitle1 MuiTypography-root css-xxxxxxxx\\">000000000000.dkr.ecr.ap-northeast-1.amazonaws.com/hoge:latest</h6></div><div class=\\"MuiStack-root css-xxxxxxxx\\"><h6 class=\\"MuiTypography-root MuiTypography-h6 MuiTypography-root css-xxxxxxxx\\"><label id=\\"releaseAt\\">次回リリース日時</label></h6><input type=\\"datetime-local\\" aria-labelledby=\\"releaseAt\\" max=\\"9999-12-31 23:59\\"><button class=\\"MuiButtonBase-root MuiButton-root MuiButton-contained MuiButton-containedPrimary MuiButton-sizeSmall MuiButton-containedSizeSmall MuiButton-root MuiButtonBase-root css-xxxxxxxx\\" tabindex=\\"0\\" title=\\"翌朝リリースする\\" type=\\"button\\">翌朝 04:05<span class=\\"MuiTouchRipple-root css-xxxxxxxx\\"></span></button><button class=\\"MuiButtonBase-root MuiButton-root MuiButton-contained MuiButton-containedSecondary MuiButton-sizeSmall MuiButton-containedSizeSmall MuiButton-root MuiButtonBase-root css-xxxxxxxx\\" tabindex=\\"0\\" title=\\"即時リリースする\\" type=\\"button\\">現在（即時リリースする）<span class=\\"MuiTouchRipple-root css-xxxxxxxx\\"></span></button></div><div class=\\"MuiStack-root css-xxxxxxxx\\"><h6 class=\\"MuiTypography-root MuiTypography-h6 MuiTypography-root css-xxxxxxxx\\">次回リリースセット</h6><button class=\\"MuiButtonBase-root MuiButton-root MuiButton-contained MuiButton-containedPrimary MuiButton-sizeSmall MuiButton-containedSizeSmall MuiButton-root MuiButtonBase-root css-xxxxxxxx\\" tabindex=\\"0\\" title=\\"次回リリースをセット\\" type=\\"button\\">指定のイメージ URI と日時をセット<span class=\\"MuiTouchRipple-root css-xxxxxxxx\\"></span></button><button class=\\"MuiButtonBase-root MuiButton-root MuiButton-contained MuiButton-containedSecondary MuiButton-sizeSmall MuiButton-containedSizeSmall MuiButton-root MuiButtonBase-root css-xxxxxxxx\\" tabindex=\\"0\\" title=\\"次回リリースを取り消し\\" type=\\"button\\">リリースを取り消し<span class=\\"MuiTouchRipple-root css-xxxxxxxx\\"></span></button></div></div></div>"`;

exports[`<ReleaseSetting /> > 翌朝リリースするボタンをクリック 1`] = `"<div class=\\"MuiBox-root css-xxxxxxxx\\" aria-live=\\"polite\\"><div class=\\"MuiStack-root css-xxxxxxxx\\"><div class=\\"MuiStack-root css-xxxxxxxx\\"><h6 class=\\"MuiTypography-root MuiTypography-h6 MuiTypography-root css-xxxxxxxx\\">次回リリースイメージ URI</h6><h6 class=\\"MuiTypography-root MuiTypography-subtitle1 MuiTypography-root css-xxxxxxxx\\">下のリストから選択してください</h6></div><div class=\\"MuiStack-root css-xxxxxxxx\\"><h6 class=\\"MuiTypography-root MuiTypography-h6 MuiTypography-root css-xxxxxxxx\\"><label id=\\"releaseAt\\">次回リリース日時</label></h6><input type=\\"datetime-local\\" aria-labelledby=\\"releaseAt\\" max=\\"9999-12-31 23:59\\"><button class=\\"MuiButtonBase-root MuiButton-root MuiButton-contained MuiButton-containedPrimary MuiButton-sizeSmall MuiButton-containedSizeSmall MuiButton-root MuiButtonBase-root css-xxxxxxxx\\" tabindex=\\"0\\" title=\\"翌朝リリースする\\" type=\\"button\\">翌朝 04:05<span class=\\"MuiTouchRipple-root css-xxxxxxxx\\"></span></button><button class=\\"MuiButtonBase-root MuiButton-root MuiButton-contained MuiButton-containedSecondary MuiButton-sizeSmall MuiButton-containedSizeSmall MuiButton-root MuiButtonBase-root css-xxxxxxxx\\" tabindex=\\"0\\" title=\\"即時リリースする\\" type=\\"button\\">現在（即時リリースする）<span class=\\"MuiTouchRipple-root css-xxxxxxxx\\"></span></button></div><div class=\\"MuiStack-root css-xxxxxxxx\\"><h6 class=\\"MuiTypography-root MuiTypography-h6 MuiTypography-root css-xxxxxxxx\\">次回リリースセット</h6><button class=\\"MuiButtonBase-root Mui-disabled MuiButton-root MuiButton-contained MuiButton-containedPrimary MuiButton-sizeSmall MuiButton-containedSizeSmall MuiButton-root MuiButtonBase-root css-xxxxxxxx\\" tabindex=\\"-1\\" title=\\"次回リリースをセット\\" type=\\"button\\" disabled=\\"\\">指定のイメージ URI と日時をセット</button><button class=\\"MuiButtonBase-root MuiButton-root MuiButton-contained MuiButton-containedSecondary MuiButton-sizeSmall MuiButton-containedSizeSmall MuiButton-root MuiButtonBase-root css-xxxxxxxx\\" tabindex=\\"0\\" title=\\"次回リリースを取り消し\\" type=\\"button\\">リリースを取り消し<span class=\\"MuiTouchRipple-root css-xxxxxxxx\\"></span></button></div></div></div>"`;

exports[`<ReleaseSetting /> > 翌朝リリースするボタンをクリック 2`] = `"<div class=\\"MuiBox-root css-xxxxxxxx\\" aria-live=\\"polite\\"><div class=\\"MuiStack-root css-xxxxxxxx\\"><div class=\\"MuiStack-root css-xxxxxxxx\\"><h6 class=\\"MuiTypography-root MuiTypography-h6 MuiTypography-root css-xxxxxxxx\\">次回リリースイメージ URI</h6><h6 class=\\"MuiTypography-root MuiTypography-subtitle1 MuiTypography-root css-xxxxxxxx\\">下のリストから選択してください</h6></div><div class=\\"MuiStack-root css-xxxxxxxx\\"><h6 class=\\"MuiTypography-root MuiTypography-h6 MuiTypography-root css-xxxxxxxx\\"><label id=\\"releaseAt\\">次回リリース日時</label></h6><input type=\\"datetime-local\\" aria-labelledby=\\"releaseAt\\" max=\\"9999-12-31 23:59\\"><button class=\\"MuiButtonBase-root MuiButton-root MuiButton-contained MuiButton-containedPrimary MuiButton-sizeSmall MuiButton-containedSizeSmall MuiButton-root MuiButtonBase-root css-xxxxxxxx\\" tabindex=\\"0\\" title=\\"翌朝リリースする\\" type=\\"button\\">翌朝 04:05<span class=\\"MuiTouchRipple-root css-xxxxxxxx\\"></span></button><button class=\\"MuiButtonBase-root MuiButton-root MuiButton-contained MuiButton-containedSecondary MuiButton-sizeSmall MuiButton-containedSizeSmall MuiButton-root MuiButtonBase-root css-xxxxxxxx\\" tabindex=\\"0\\" title=\\"即時リリースする\\" type=\\"button\\">現在（即時リリースする）<span class=\\"MuiTouchRipple-root css-xxxxxxxx\\"></span></button></div><div class=\\"MuiStack-root css-xxxxxxxx\\"><h6 class=\\"MuiTypography-root MuiTypography-h6 MuiTypography-root css-xxxxxxxx\\">次回リリースセット</h6><button class=\\"MuiButtonBase-root Mui-disabled MuiButton-root MuiButton-contained MuiButton-containedPrimary MuiButton-sizeSmall MuiButton-containedSizeSmall MuiButton-root MuiButtonBase-root css-xxxxxxxx\\" tabindex=\\"-1\\" title=\\"次回リリースをセット\\" type=\\"button\\" disabled=\\"\\">指定のイメージ URI と日時をセット</button><button class=\\"MuiButtonBase-root MuiButton-root MuiButton-contained MuiButton-containedSecondary MuiButton-sizeSmall MuiButton-containedSizeSmall MuiButton-root MuiButtonBase-root css-xxxxxxxx\\" tabindex=\\"0\\" title=\\"次回リリースを取り消し\\" type=\\"button\\">リリースを取り消し<span class=\\"MuiTouchRipple-root css-xxxxxxxx\\"></span></button></div></div></div>"`;

exports[`<ReleaseSetting /> > 翌朝リリースするボタンをクリック 3`] = `"<div class=\\"MuiBox-root css-xxxxxxxx\\" aria-live=\\"polite\\"><div class=\\"MuiStack-root css-xxxxxxxx\\"><div class=\\"MuiStack-root css-xxxxxxxx\\"><h6 class=\\"MuiTypography-root MuiTypography-h6 MuiTypography-root css-xxxxxxxx\\">次回リリースイメージ URI</h6><h6 class=\\"MuiTypography-root MuiTypography-subtitle1 MuiTypography-root css-xxxxxxxx\\">000000000000.dkr.ecr.ap-northeast-1.amazonaws.com/hoge:latest</h6></div><div class=\\"MuiStack-root css-xxxxxxxx\\"><h6 class=\\"MuiTypography-root MuiTypography-h6 MuiTypography-root css-xxxxxxxx\\"><label id=\\"releaseAt\\">次回リリース日時</label></h6><input type=\\"datetime-local\\" aria-labelledby=\\"releaseAt\\" max=\\"9999-12-31 23:59\\"><button class=\\"MuiButtonBase-root MuiButton-root MuiButton-contained MuiButton-containedPrimary MuiButton-sizeSmall MuiButton-containedSizeSmall MuiButton-root MuiButtonBase-root css-xxxxxxxx\\" tabindex=\\"0\\" title=\\"翌朝リリースする\\" type=\\"button\\">翌朝 04:05<span class=\\"MuiTouchRipple-root css-xxxxxxxx\\"></span></button><button class=\\"MuiButtonBase-root MuiButton-root MuiButton-contained MuiButton-containedSecondary MuiButton-sizeSmall MuiButton-containedSizeSmall MuiButton-root MuiButtonBase-root css-xxxxxxxx\\" tabindex=\\"0\\" title=\\"即時リリースする\\" type=\\"button\\">現在（即時リリースする）<span class=\\"MuiTouchRipple-root css-xxxxxxxx\\"></span></button></div><div class=\\"MuiStack-root css-xxxxxxxx\\"><h6 class=\\"MuiTypography-root MuiTypography-h6 MuiTypography-root css-xxxxxxxx\\">次回リリースセット</h6><button class=\\"MuiButtonBase-root MuiButton-root MuiButton-contained MuiButton-containedPrimary MuiButton-sizeSmall MuiButton-containedSizeSmall MuiButton-root MuiButtonBase-root css-xxxxxxxx\\" tabindex=\\"0\\" title=\\"次回リリースをセット\\" type=\\"button\\">指定のイメージ URI と日時をセット<span class=\\"MuiTouchRipple-root css-xxxxxxxx\\"></span></button><button class=\\"MuiButtonBase-root MuiButton-root MuiButton-contained MuiButton-containedSecondary MuiButton-sizeSmall MuiButton-containedSizeSmall MuiButton-root MuiButtonBase-root css-xxxxxxxx\\" tabindex=\\"0\\" title=\\"次回リリースを取り消し\\" type=\\"button\\">リリースを取り消し<span class=\\"MuiTouchRipple-root css-xxxxxxxx\\"></span></button></div></div></div>"`;
