// Vitest Snapshot v1

exports[`<RepositorySelector /> > リポジトリ x1 1`] = `"<div aria-live=\\"polite\\" class=\\"MuiBox-root css-xxxxxx\\"><div class=\\"MuiStack-root css-xxxxxx\\"><h6 class=\\"MuiTypography-root MuiTypography-h6 MuiTypography-root css-xxxxxx\\">リリース対象リポジトリ</h6><button type=\\"button\\" class=\\"MuiButtonBase-root MuiButton-root MuiButton-outlined MuiButton-outlinedInherit MuiButton-sizeSmall MuiButton-outlinedSizeSmall MuiButton-colorInherit MuiButton-root MuiButtonBase-root css-xxxxxx\\" title=\\"repository1 を選択\\" tabindex=\\"0\\">repository1<span class=\\"MuiTouchRipple-root MuiTouchRipple-root css-xxxxxx\\"></span></button></div></div>"`;

exports[`<RepositorySelector /> > リポジトリ x2 1`] = `"<div aria-live=\\"polite\\" class=\\"MuiBox-root css-xxxxxx\\"><div class=\\"MuiStack-root css-xxxxxx\\"><h6 class=\\"MuiTypography-root MuiTypography-h6 MuiTypography-root css-xxxxxx\\">リリース対象リポジトリ</h6><button type=\\"button\\" class=\\"MuiButtonBase-root MuiButton-root MuiButton-outlined MuiButton-outlinedInherit MuiButton-sizeSmall MuiButton-outlinedSizeSmall MuiButton-colorInherit MuiButton-root MuiButtonBase-root css-xxxxxx\\" title=\\"repository1 を選択\\" tabindex=\\"0\\">repository1<span class=\\"MuiTouchRipple-root MuiTouchRipple-root css-xxxxxx\\"></span></button><button type=\\"button\\" class=\\"MuiButtonBase-root MuiButton-root MuiButton-outlined MuiButton-outlinedInherit MuiButton-sizeSmall MuiButton-outlinedSizeSmall MuiButton-colorInherit MuiButton-root MuiButtonBase-root css-xxxxxx\\" title=\\"repository2 を選択\\" tabindex=\\"0\\">repository2<span class=\\"MuiTouchRipple-root MuiTouchRipple-root css-xxxxxx\\"></span></button></div></div>"`;

exports[`<RepositorySelector /> > リポジトリ x3 1`] = `"<div aria-live=\\"polite\\" class=\\"MuiBox-root css-xxxxxx\\"><div class=\\"MuiStack-root css-xxxxxx\\"><h6 class=\\"MuiTypography-root MuiTypography-h6 MuiTypography-root css-xxxxxx\\">リリース対象リポジトリ</h6><button type=\\"button\\" class=\\"MuiButtonBase-root MuiButton-root MuiButton-outlined MuiButton-outlinedInherit MuiButton-sizeSmall MuiButton-outlinedSizeSmall MuiButton-colorInherit MuiButton-root MuiButtonBase-root css-xxxxxx\\" title=\\"repository1 を選択\\" tabindex=\\"0\\">repository1<span class=\\"MuiTouchRipple-root MuiTouchRipple-root css-xxxxxx\\"></span></button><button type=\\"button\\" class=\\"MuiButtonBase-root MuiButton-root MuiButton-outlined MuiButton-outlinedInherit MuiButton-sizeSmall MuiButton-outlinedSizeSmall MuiButton-colorInherit MuiButton-root MuiButtonBase-root css-xxxxxx\\" title=\\"repository2 を選択\\" tabindex=\\"0\\">repository2<span class=\\"MuiTouchRipple-root MuiTouchRipple-root css-xxxxxx\\"></span></button><button type=\\"button\\" class=\\"MuiButtonBase-root MuiButton-root MuiButton-outlined MuiButton-outlinedInherit MuiButton-sizeSmall MuiButton-outlinedSizeSmall MuiButton-colorInherit MuiButton-root MuiButtonBase-root css-xxxxxx\\" title=\\"repository3 を選択\\" tabindex=\\"0\\">repository3<span class=\\"MuiTouchRipple-root MuiTouchRipple-root css-xxxxxx\\"></span></button></div></div>"`;
