// Vitest Snapshot v1

exports[`<ServiceSelector /> > サービス x1 1`] = `"<div aria-live=\\"polite\\" class=\\"MuiBox-root css-xxxxxxxx\\"><div class=\\"MuiStack-root css-xxxxxxxx\\"><h6 class=\\"MuiTypography-root MuiTypography-h6 MuiTypography-root css-xxxxxxxx\\">リリース対象サービス</h6><button type=\\"button\\" title=\\"service1 を選択\\" tabindex=\\"0\\" class=\\"MuiButtonBase-root MuiButton-root MuiButton-outlined MuiButton-outlinedInherit MuiButton-sizeSmall MuiButton-outlinedSizeSmall MuiButton-colorInherit MuiButton-root MuiButtonBase-root css-xxxxxxxx\\">service1<span class=\\"MuiTouchRipple-root css-xxxxxxxx\\"></span></button></div></div>"`;

exports[`<ServiceSelector /> > サービス x2 1`] = `"<div aria-live=\\"polite\\" class=\\"MuiBox-root css-xxxxxxxx\\"><div class=\\"MuiStack-root css-xxxxxxxx\\"><h6 class=\\"MuiTypography-root MuiTypography-h6 MuiTypography-root css-xxxxxxxx\\">リリース対象サービス</h6><button type=\\"button\\" title=\\"service1 を選択\\" tabindex=\\"0\\" class=\\"MuiButtonBase-root MuiButton-root MuiButton-outlined MuiButton-outlinedInherit MuiButton-sizeSmall MuiButton-outlinedSizeSmall MuiButton-colorInherit MuiButton-root MuiButtonBase-root css-xxxxxxxx\\">service1<span class=\\"MuiTouchRipple-root css-xxxxxxxx\\"></span></button><button type=\\"button\\" title=\\"service2 を選択\\" tabindex=\\"0\\" class=\\"MuiButtonBase-root MuiButton-root MuiButton-outlined MuiButton-outlinedInherit MuiButton-sizeSmall MuiButton-outlinedSizeSmall MuiButton-colorInherit MuiButton-root MuiButtonBase-root css-xxxxxxxx\\">service2<span class=\\"MuiTouchRipple-root css-xxxxxxxx\\"></span></button></div></div>"`;

exports[`<ServiceSelector /> > サービス x3 1`] = `"<div aria-live=\\"polite\\" class=\\"MuiBox-root css-xxxxxxxx\\"><div class=\\"MuiStack-root css-xxxxxxxx\\"><h6 class=\\"MuiTypography-root MuiTypography-h6 MuiTypography-root css-xxxxxxxx\\">リリース対象サービス</h6><button type=\\"button\\" title=\\"service1 を選択\\" tabindex=\\"0\\" class=\\"MuiButtonBase-root MuiButton-root MuiButton-outlined MuiButton-outlinedInherit MuiButton-sizeSmall MuiButton-outlinedSizeSmall MuiButton-colorInherit MuiButton-root MuiButtonBase-root css-xxxxxxxx\\">service1<span class=\\"MuiTouchRipple-root css-xxxxxxxx\\"></span></button><button type=\\"button\\" title=\\"service2 を選択\\" tabindex=\\"0\\" class=\\"MuiButtonBase-root MuiButton-root MuiButton-outlined MuiButton-outlinedInherit MuiButton-sizeSmall MuiButton-outlinedSizeSmall MuiButton-colorInherit MuiButton-root MuiButtonBase-root css-xxxxxxxx\\">service2<span class=\\"MuiTouchRipple-root css-xxxxxxxx\\"></span></button><button type=\\"button\\" title=\\"service3 を選択\\" tabindex=\\"0\\" class=\\"MuiButtonBase-root MuiButton-root MuiButton-outlined MuiButton-outlinedInherit MuiButton-sizeSmall MuiButton-outlinedSizeSmall MuiButton-colorInherit MuiButton-root MuiButtonBase-root css-xxxxxxxx\\">service3<span class=\\"MuiTouchRipple-root css-xxxxxxxx\\"></span></button></div></div>"`;
